k8s-bootstrapper-smoke-full	Set up job	﻿2025-09-23T19:12:03.8318658Z Current runner version: '2.328.0'
k8s-bootstrapper-smoke-full	Set up job	2025-09-23T19:12:03.8345179Z ##[group]Runner Image Provisioner
k8s-bootstrapper-smoke-full	Set up job	2025-09-23T19:12:03.8345957Z Hosted Compute Agent
k8s-bootstrapper-smoke-full	Set up job	2025-09-23T19:12:03.8346559Z Version: 20250829.383
k8s-bootstrapper-smoke-full	Set up job	2025-09-23T19:12:03.8347151Z Commit: 27cb235aab5b0e52e153a26cd86b4742e89dac5d
k8s-bootstrapper-smoke-full	Set up job	2025-09-23T19:12:03.8347824Z Build Date: 2025-08-29T13:48:48Z
k8s-bootstrapper-smoke-full	Set up job	2025-09-23T19:12:03.8348455Z ##[endgroup]
k8s-bootstrapper-smoke-full	Set up job	2025-09-23T19:12:03.8349013Z ##[group]Operating System
k8s-bootstrapper-smoke-full	Set up job	2025-09-23T19:12:03.8349532Z Ubuntu
k8s-bootstrapper-smoke-full	Set up job	2025-09-23T19:12:03.8350057Z 24.04.3
k8s-bootstrapper-smoke-full	Set up job	2025-09-23T19:12:03.8350477Z LTS
k8s-bootstrapper-smoke-full	Set up job	2025-09-23T19:12:03.8350926Z ##[endgroup]
k8s-bootstrapper-smoke-full	Set up job	2025-09-23T19:12:03.8351401Z ##[group]Runner Image
k8s-bootstrapper-smoke-full	Set up job	2025-09-23T19:12:03.8351986Z Image: ubuntu-24.04
k8s-bootstrapper-smoke-full	Set up job	2025-09-23T19:12:03.8352482Z Version: 20250907.24.1
k8s-bootstrapper-smoke-full	Set up job	2025-09-23T19:12:03.8353490Z Included Software: https://github.com/actions/runner-images/blob/ubuntu24/20250907.24/images/ubuntu/Ubuntu2404-Readme.md
k8s-bootstrapper-smoke-full	Set up job	2025-09-23T19:12:03.8355423Z Image Release: https://github.com/actions/runner-images/releases/tag/ubuntu24%2F20250907.24
k8s-bootstrapper-smoke-full	Set up job	2025-09-23T19:12:03.8356684Z ##[endgroup]
k8s-bootstrapper-smoke-full	Set up job	2025-09-23T19:12:03.8357776Z ##[group]GITHUB_TOKEN Permissions
k8s-bootstrapper-smoke-full	Set up job	2025-09-23T19:12:03.8359967Z Contents: read
k8s-bootstrapper-smoke-full	Set up job	2025-09-23T19:12:03.8360525Z Metadata: read
k8s-bootstrapper-smoke-full	Set up job	2025-09-23T19:12:03.8361012Z Packages: read
k8s-bootstrapper-smoke-full	Set up job	2025-09-23T19:12:03.8361442Z ##[endgroup]
k8s-bootstrapper-smoke-full	Set up job	2025-09-23T19:12:03.8363512Z Secret source: Actions
k8s-bootstrapper-smoke-full	Set up job	2025-09-23T19:12:03.8364707Z Prepare workflow directory
k8s-bootstrapper-smoke-full	Set up job	2025-09-23T19:12:03.8687541Z Prepare all required actions
k8s-bootstrapper-smoke-full	Set up job	2025-09-23T19:12:03.8725566Z Getting action download info
k8s-bootstrapper-smoke-full	Set up job	2025-09-23T19:12:04.2521568Z Download action repository 'actions/checkout@v4' (SHA:08eba0b27e820071cde6df949e0beb9ba4906955)
k8s-bootstrapper-smoke-full	Set up job	2025-09-23T19:12:04.4208018Z Download action repository 'dtolnay/rust-toolchain@v1' (SHA:e97e2d8cc328f1b50210efc529dca0028893a2d9)
k8s-bootstrapper-smoke-full	Set up job	2025-09-23T19:12:04.5698958Z Download action repository 'Swatinem/rust-cache@v2' (SHA:98c8021b550208e191a6a3145459bfc9fb29c4c0)
k8s-bootstrapper-smoke-full	Set up job	2025-09-23T19:12:04.8004986Z Download action repository 'actions/upload-artifact@v4' (SHA:ea165f8d65b6e75b540449e92b4886f43607fa02)
k8s-bootstrapper-smoke-full	Set up job	2025-09-23T19:12:05.0275848Z Complete job name: k8s-bootstrapper-smoke-full
k8s-bootstrapper-smoke-full	Checkout	﻿2025-09-23T19:12:05.0982622Z ##[group]Run actions/checkout@v4
k8s-bootstrapper-smoke-full	Checkout	2025-09-23T19:12:05.0983550Z with:
k8s-bootstrapper-smoke-full	Checkout	2025-09-23T19:12:05.0984152Z   repository: afewell-hh/Demon
k8s-bootstrapper-smoke-full	Checkout	2025-09-23T19:12:05.0984845Z   token: ***
k8s-bootstrapper-smoke-full	Checkout	2025-09-23T19:12:05.0985248Z   ssh-strict: true
k8s-bootstrapper-smoke-full	Checkout	2025-09-23T19:12:05.0985680Z   ssh-user: git
k8s-bootstrapper-smoke-full	Checkout	2025-09-23T19:12:05.0986104Z   persist-credentials: true
k8s-bootstrapper-smoke-full	Checkout	2025-09-23T19:12:05.0986604Z   clean: true
k8s-bootstrapper-smoke-full	Checkout	2025-09-23T19:12:05.0987043Z   sparse-checkout-cone-mode: true
k8s-bootstrapper-smoke-full	Checkout	2025-09-23T19:12:05.0987557Z   fetch-depth: 1
k8s-bootstrapper-smoke-full	Checkout	2025-09-23T19:12:05.0987989Z   fetch-tags: false
k8s-bootstrapper-smoke-full	Checkout	2025-09-23T19:12:05.0988418Z   show-progress: true
k8s-bootstrapper-smoke-full	Checkout	2025-09-23T19:12:05.0988859Z   lfs: false
k8s-bootstrapper-smoke-full	Checkout	2025-09-23T19:12:05.0989250Z   submodules: false
k8s-bootstrapper-smoke-full	Checkout	2025-09-23T19:12:05.0989685Z   set-safe-directory: true
k8s-bootstrapper-smoke-full	Checkout	2025-09-23T19:12:05.0990407Z ##[endgroup]
k8s-bootstrapper-smoke-full	Checkout	2025-09-23T19:12:05.2096887Z Syncing repository: afewell-hh/Demon
k8s-bootstrapper-smoke-full	Checkout	2025-09-23T19:12:05.2099720Z ##[group]Getting Git version info
k8s-bootstrapper-smoke-full	Checkout	2025-09-23T19:12:05.2100484Z Working directory is '/home/runner/work/Demon/Demon'
k8s-bootstrapper-smoke-full	Checkout	2025-09-23T19:12:05.2101724Z [command]/usr/bin/git version
k8s-bootstrapper-smoke-full	Checkout	2025-09-23T19:12:05.2158777Z git version 2.51.0
k8s-bootstrapper-smoke-full	Checkout	2025-09-23T19:12:05.2186066Z ##[endgroup]
k8s-bootstrapper-smoke-full	Checkout	2025-09-23T19:12:05.2202400Z Temporarily overriding HOME='/home/runner/work/_temp/9d178694-96a8-4210-a1ba-c8a0b5dae611' before making global git config changes
k8s-bootstrapper-smoke-full	Checkout	2025-09-23T19:12:05.2205372Z Adding repository directory to the temporary git global config as a safe directory
k8s-bootstrapper-smoke-full	Checkout	2025-09-23T19:12:05.2216824Z [command]/usr/bin/git config --global --add safe.directory /home/runner/work/Demon/Demon
k8s-bootstrapper-smoke-full	Checkout	2025-09-23T19:12:05.2254605Z Deleting the contents of '/home/runner/work/Demon/Demon'
k8s-bootstrapper-smoke-full	Checkout	2025-09-23T19:12:05.2258647Z ##[group]Initializing the repository
k8s-bootstrapper-smoke-full	Checkout	2025-09-23T19:12:05.2263259Z [command]/usr/bin/git init /home/runner/work/Demon/Demon
k8s-bootstrapper-smoke-full	Checkout	2025-09-23T19:12:05.2346234Z hint: Using 'master' as the name for the initial branch. This default branch name
k8s-bootstrapper-smoke-full	Checkout	2025-09-23T19:12:05.2347677Z hint: is subject to change. To configure the initial branch name to use in all
k8s-bootstrapper-smoke-full	Checkout	2025-09-23T19:12:05.2349357Z hint: of your new repositories, which will suppress this warning, call:
k8s-bootstrapper-smoke-full	Checkout	2025-09-23T19:12:05.2350431Z hint:
k8s-bootstrapper-smoke-full	Checkout	2025-09-23T19:12:05.2351217Z hint: 	git config --global init.defaultBranch <name>
k8s-bootstrapper-smoke-full	Checkout	2025-09-23T19:12:05.2352638Z hint:
k8s-bootstrapper-smoke-full	Checkout	2025-09-23T19:12:05.2353980Z hint: Names commonly chosen instead of 'master' are 'main', 'trunk' and
k8s-bootstrapper-smoke-full	Checkout	2025-09-23T19:12:05.2355866Z hint: 'development'. The just-created branch can be renamed via this command:
k8s-bootstrapper-smoke-full	Checkout	2025-09-23T19:12:05.2357360Z hint:
k8s-bootstrapper-smoke-full	Checkout	2025-09-23T19:12:05.2358092Z hint: 	git branch -m <name>
k8s-bootstrapper-smoke-full	Checkout	2025-09-23T19:12:05.2358927Z hint:
k8s-bootstrapper-smoke-full	Checkout	2025-09-23T19:12:05.2360037Z hint: Disable this message with "git config set advice.defaultBranchName false"
k8s-bootstrapper-smoke-full	Checkout	2025-09-23T19:12:05.2361962Z Initialized empty Git repository in /home/runner/work/Demon/Demon/.git/
k8s-bootstrapper-smoke-full	Checkout	2025-09-23T19:12:05.2365245Z [command]/usr/bin/git remote add origin https://github.com/afewell-hh/Demon
k8s-bootstrapper-smoke-full	Checkout	2025-09-23T19:12:05.2401026Z ##[endgroup]
k8s-bootstrapper-smoke-full	Checkout	2025-09-23T19:12:05.2401820Z ##[group]Disabling automatic garbage collection
k8s-bootstrapper-smoke-full	Checkout	2025-09-23T19:12:05.2404671Z [command]/usr/bin/git config --local gc.auto 0
k8s-bootstrapper-smoke-full	Checkout	2025-09-23T19:12:05.2431696Z ##[endgroup]
k8s-bootstrapper-smoke-full	Checkout	2025-09-23T19:12:05.2432408Z ##[group]Setting up auth
k8s-bootstrapper-smoke-full	Checkout	2025-09-23T19:12:05.2439624Z [command]/usr/bin/git config --local --name-only --get-regexp core\.sshCommand
k8s-bootstrapper-smoke-full	Checkout	2025-09-23T19:12:05.2470140Z [command]/usr/bin/git submodule foreach --recursive sh -c "git config --local --name-only --get-regexp 'core\.sshCommand' && git config --local --unset-all 'core.sshCommand' || :"
k8s-bootstrapper-smoke-full	Checkout	2025-09-23T19:12:05.2855946Z [command]/usr/bin/git config --local --name-only --get-regexp http\.https\:\/\/github\.com\/\.extraheader
k8s-bootstrapper-smoke-full	Checkout	2025-09-23T19:12:05.2886356Z [command]/usr/bin/git submodule foreach --recursive sh -c "git config --local --name-only --get-regexp 'http\.https\:\/\/github\.com\/\.extraheader' && git config --local --unset-all 'http.https://github.com/.extraheader' || :"
k8s-bootstrapper-smoke-full	Checkout	2025-09-23T19:12:05.3103685Z [command]/usr/bin/git config --local http.https://github.com/.extraheader AUTHORIZATION: basic ***
k8s-bootstrapper-smoke-full	Checkout	2025-09-23T19:12:05.3138768Z ##[endgroup]
k8s-bootstrapper-smoke-full	Checkout	2025-09-23T19:12:05.3140189Z ##[group]Fetching the repository
k8s-bootstrapper-smoke-full	Checkout	2025-09-23T19:12:05.3149346Z [command]/usr/bin/git -c protocol.version=2 fetch --no-tags --prune --no-recurse-submodules --depth=1 origin +1ce9cdfa3621b10a04a6ced1f0fbf22d50ad117e:refs/remotes/origin/main
k8s-bootstrapper-smoke-full	Checkout	2025-09-23T19:12:05.6770888Z From https://github.com/afewell-hh/Demon
k8s-bootstrapper-smoke-full	Checkout	2025-09-23T19:12:05.6799961Z  * [new ref]         1ce9cdfa3621b10a04a6ced1f0fbf22d50ad117e -> origin/main
k8s-bootstrapper-smoke-full	Checkout	2025-09-23T19:12:05.6802059Z ##[endgroup]
k8s-bootstrapper-smoke-full	Checkout	2025-09-23T19:12:05.6803147Z ##[group]Determining the checkout info
k8s-bootstrapper-smoke-full	Checkout	2025-09-23T19:12:05.6804223Z ##[endgroup]
k8s-bootstrapper-smoke-full	Checkout	2025-09-23T19:12:05.6808353Z [command]/usr/bin/git sparse-checkout disable
k8s-bootstrapper-smoke-full	Checkout	2025-09-23T19:12:05.6848669Z [command]/usr/bin/git config --local --unset-all extensions.worktreeConfig
k8s-bootstrapper-smoke-full	Checkout	2025-09-23T19:12:05.6876456Z ##[group]Checking out the ref
k8s-bootstrapper-smoke-full	Checkout	2025-09-23T19:12:05.6880676Z [command]/usr/bin/git checkout --progress --force -B main refs/remotes/origin/main
k8s-bootstrapper-smoke-full	Checkout	2025-09-23T19:12:05.7408285Z Switched to a new branch 'main'
k8s-bootstrapper-smoke-full	Checkout	2025-09-23T19:12:05.7409672Z branch 'main' set up to track 'origin/main'.
k8s-bootstrapper-smoke-full	Checkout	2025-09-23T19:12:05.7418296Z ##[endgroup]
k8s-bootstrapper-smoke-full	Checkout	2025-09-23T19:12:05.7455261Z [command]/usr/bin/git log -1 --format=%H
k8s-bootstrapper-smoke-full	Checkout	2025-09-23T19:12:05.7476580Z 1ce9cdfa3621b10a04a6ced1f0fbf22d50ad117e
k8s-bootstrapper-smoke-full	Install Rust (pinned toolchain)	﻿2025-09-23T19:12:05.7909829Z ##[group]Run dtolnay/rust-toolchain@v1
k8s-bootstrapper-smoke-full	Install Rust (pinned toolchain)	2025-09-23T19:12:05.7910619Z with:
k8s-bootstrapper-smoke-full	Install Rust (pinned toolchain)	2025-09-23T19:12:05.7911062Z   toolchain: 1.82.0
k8s-bootstrapper-smoke-full	Install Rust (pinned toolchain)	2025-09-23T19:12:05.7911572Z ##[endgroup]
k8s-bootstrapper-smoke-full	Install Rust (pinned toolchain)	2025-09-23T19:12:05.8037609Z ##[group]Run : parse toolchain version
k8s-bootstrapper-smoke-full	Install Rust (pinned toolchain)	2025-09-23T19:12:05.8038481Z [36;1m: parse toolchain version[0m
k8s-bootstrapper-smoke-full	Install Rust (pinned toolchain)	2025-09-23T19:12:05.8039196Z [36;1mif [[ -z $toolchain ]]; then[0m
k8s-bootstrapper-smoke-full	Install Rust (pinned toolchain)	2025-09-23T19:12:05.8040603Z [36;1m  # GitHub does not enforce `required: true` inputs itself. https://github.com/actions/runner/issues/1070[0m
k8s-bootstrapper-smoke-full	Install Rust (pinned toolchain)	2025-09-23T19:12:05.8042139Z [36;1m  echo "'toolchain' is a required input" >&2[0m
k8s-bootstrapper-smoke-full	Install Rust (pinned toolchain)	2025-09-23T19:12:05.8042916Z [36;1m  exit 1[0m
k8s-bootstrapper-smoke-full	Install Rust (pinned toolchain)	2025-09-23T19:12:05.8044036Z [36;1melif [[ $toolchain =~ ^stable' '[0-9]+' '(year|month|week|day)s?' 'ago$ ]]; then[0m
k8s-bootstrapper-smoke-full	Install Rust (pinned toolchain)	2025-09-23T19:12:05.8045426Z [36;1m  if [[ Linux == macOS ]]; then[0m
k8s-bootstrapper-smoke-full	Install Rust (pinned toolchain)	2025-09-23T19:12:05.8046785Z [36;1m    echo "toolchain=1.$((($(date -v-$(sed 's/stable \([0-9]*\) \(.\).*/\1\2/' <<< $toolchain) +%s)/60/60/24-16569)/7/6))" >> $GITHUB_OUTPUT[0m
k8s-bootstrapper-smoke-full	Install Rust (pinned toolchain)	2025-09-23T19:12:05.8048165Z [36;1m  else[0m
k8s-bootstrapper-smoke-full	Install Rust (pinned toolchain)	2025-09-23T19:12:05.8049207Z [36;1m    echo "toolchain=1.$((($(date --date "${toolchain#stable }" +%s)/60/60/24-16569)/7/6))" >> $GITHUB_OUTPUT[0m
k8s-bootstrapper-smoke-full	Install Rust (pinned toolchain)	2025-09-23T19:12:05.8050463Z [36;1m  fi[0m
k8s-bootstrapper-smoke-full	Install Rust (pinned toolchain)	2025-09-23T19:12:05.8051218Z [36;1melif [[ $toolchain =~ ^stable' 'minus' '[0-9]+' 'releases?$ ]]; then[0m
k8s-bootstrapper-smoke-full	Install Rust (pinned toolchain)	2025-09-23T19:12:05.8052684Z [36;1m  echo "toolchain=1.$((($(date +%s)/60/60/24-16569)/7/6-${toolchain//[^0-9]/}))" >> $GITHUB_OUTPUT[0m
k8s-bootstrapper-smoke-full	Install Rust (pinned toolchain)	2025-09-23T19:12:05.8054093Z [36;1melif [[ $toolchain =~ ^1\.[0-9]+$ ]]; then[0m
k8s-bootstrapper-smoke-full	Install Rust (pinned toolchain)	2025-09-23T19:12:05.8055534Z [36;1m  echo "toolchain=1.$((i=${toolchain#1.}, c=($(date +%s)/60/60/24-16569)/7/6, i+9*i*(10*i<=c)+90*i*(100*i<=c)))" >> $GITHUB_OUTPUT[0m
k8s-bootstrapper-smoke-full	Install Rust (pinned toolchain)	2025-09-23T19:12:05.8056953Z [36;1melse[0m
k8s-bootstrapper-smoke-full	Install Rust (pinned toolchain)	2025-09-23T19:12:05.8057590Z [36;1m  echo "toolchain=$toolchain" >> $GITHUB_OUTPUT[0m
k8s-bootstrapper-smoke-full	Install Rust (pinned toolchain)	2025-09-23T19:12:05.8058404Z [36;1mfi[0m
k8s-bootstrapper-smoke-full	Install Rust (pinned toolchain)	2025-09-23T19:12:05.8116891Z shell: /usr/bin/bash --noprofile --norc -e -o pipefail {0}
k8s-bootstrapper-smoke-full	Install Rust (pinned toolchain)	2025-09-23T19:12:05.8117827Z env:
k8s-bootstrapper-smoke-full	Install Rust (pinned toolchain)	2025-09-23T19:12:05.8118253Z   toolchain: 1.82.0
k8s-bootstrapper-smoke-full	Install Rust (pinned toolchain)	2025-09-23T19:12:05.8118738Z ##[endgroup]
k8s-bootstrapper-smoke-full	Install Rust (pinned toolchain)	2025-09-23T19:12:05.8338757Z ##[group]Run : construct rustup command line
k8s-bootstrapper-smoke-full	Install Rust (pinned toolchain)	2025-09-23T19:12:05.8339626Z [36;1m: construct rustup command line[0m
k8s-bootstrapper-smoke-full	Install Rust (pinned toolchain)	2025-09-23T19:12:05.8340826Z [36;1mecho "targets=$(for t in ${targets//,/ }; do echo -n ' --target' $t; done)" >> $GITHUB_OUTPUT[0m
k8s-bootstrapper-smoke-full	Install Rust (pinned toolchain)	2025-09-23T19:12:05.8342591Z [36;1mecho "components=$(for c in ${components//,/ }; do echo -n ' --component' $c; done)" >> $GITHUB_OUTPUT[0m
k8s-bootstrapper-smoke-full	Install Rust (pinned toolchain)	2025-09-23T19:12:05.8344180Z [36;1mecho "downgrade=" >> $GITHUB_OUTPUT[0m
k8s-bootstrapper-smoke-full	Install Rust (pinned toolchain)	2025-09-23T19:12:05.8374214Z shell: /usr/bin/bash --noprofile --norc -e -o pipefail {0}
k8s-bootstrapper-smoke-full	Install Rust (pinned toolchain)	2025-09-23T19:12:05.8375114Z env:
k8s-bootstrapper-smoke-full	Install Rust (pinned toolchain)	2025-09-23T19:12:05.8375543Z   targets: 
k8s-bootstrapper-smoke-full	Install Rust (pinned toolchain)	2025-09-23T19:12:05.8375976Z   components: 
k8s-bootstrapper-smoke-full	Install Rust (pinned toolchain)	2025-09-23T19:12:05.8376430Z ##[endgroup]
k8s-bootstrapper-smoke-full	Install Rust (pinned toolchain)	2025-09-23T19:12:05.8493683Z ##[group]Run : set $CARGO_HOME
k8s-bootstrapper-smoke-full	Install Rust (pinned toolchain)	2025-09-23T19:12:05.8495077Z [36;1m: set $CARGO_HOME[0m
k8s-bootstrapper-smoke-full	Install Rust (pinned toolchain)	2025-09-23T19:12:05.8496654Z [36;1mecho CARGO_HOME=${CARGO_HOME:-"$HOME/.cargo"} >> $GITHUB_ENV[0m
k8s-bootstrapper-smoke-full	Install Rust (pinned toolchain)	2025-09-23T19:12:05.8540356Z shell: /usr/bin/bash --noprofile --norc -e -o pipefail {0}
k8s-bootstrapper-smoke-full	Install Rust (pinned toolchain)	2025-09-23T19:12:05.8541907Z ##[endgroup]
k8s-bootstrapper-smoke-full	Install Rust (pinned toolchain)	2025-09-23T19:12:05.8656071Z ##[group]Run : install rustup if needed
k8s-bootstrapper-smoke-full	Install Rust (pinned toolchain)	2025-09-23T19:12:05.8656866Z [36;1m: install rustup if needed[0m
k8s-bootstrapper-smoke-full	Install Rust (pinned toolchain)	2025-09-23T19:12:05.8657611Z [36;1mif ! command -v rustup &>/dev/null; then[0m
k8s-bootstrapper-smoke-full	Install Rust (pinned toolchain)	2025-09-23T19:12:05.8659633Z [36;1m  curl --proto '=https' --tlsv1.2 --retry 10 --retry-connrefused --location --silent --show-error --fail https://sh.rustup.rs | sh -s -- --default-toolchain none -y[0m
k8s-bootstrapper-smoke-full	Install Rust (pinned toolchain)	2025-09-23T19:12:05.8661641Z [36;1m  echo "$CARGO_HOME/bin" >> $GITHUB_PATH[0m
k8s-bootstrapper-smoke-full	Install Rust (pinned toolchain)	2025-09-23T19:12:05.8662389Z [36;1mfi[0m
k8s-bootstrapper-smoke-full	Install Rust (pinned toolchain)	2025-09-23T19:12:05.8690239Z shell: /usr/bin/bash --noprofile --norc -e -o pipefail {0}
k8s-bootstrapper-smoke-full	Install Rust (pinned toolchain)	2025-09-23T19:12:05.8691098Z env:
k8s-bootstrapper-smoke-full	Install Rust (pinned toolchain)	2025-09-23T19:12:05.8691541Z   CARGO_HOME: /home/runner/.cargo
k8s-bootstrapper-smoke-full	Install Rust (pinned toolchain)	2025-09-23T19:12:05.8692145Z ##[endgroup]
k8s-bootstrapper-smoke-full	Install Rust (pinned toolchain)	2025-09-23T19:12:05.8789256Z ##[group]Run rustup toolchain install 1.82.0 --profile minimal --no-self-update
k8s-bootstrapper-smoke-full	Install Rust (pinned toolchain)	2025-09-23T19:12:05.8790936Z [36;1mrustup toolchain install 1.82.0 --profile minimal --no-self-update[0m
k8s-bootstrapper-smoke-full	Install Rust (pinned toolchain)	2025-09-23T19:12:05.8821459Z shell: /usr/bin/bash --noprofile --norc -e -o pipefail {0}
k8s-bootstrapper-smoke-full	Install Rust (pinned toolchain)	2025-09-23T19:12:05.8822339Z env:
k8s-bootstrapper-smoke-full	Install Rust (pinned toolchain)	2025-09-23T19:12:05.8822760Z   CARGO_HOME: /home/runner/.cargo
k8s-bootstrapper-smoke-full	Install Rust (pinned toolchain)	2025-09-23T19:12:05.8823370Z ##[endgroup]
k8s-bootstrapper-smoke-full	Install Rust (pinned toolchain)	2025-09-23T19:12:05.9197639Z info: syncing channel updates for '1.82.0-x86_64-unknown-linux-gnu'
k8s-bootstrapper-smoke-full	Install Rust (pinned toolchain)	2025-09-23T19:12:05.9955986Z info: latest update on 2024-10-17, rust version 1.82.0 (f6e511eec 2024-10-15)
k8s-bootstrapper-smoke-full	Install Rust (pinned toolchain)	2025-09-23T19:12:06.0537955Z info: downloading component 'cargo'
k8s-bootstrapper-smoke-full	Install Rust (pinned toolchain)	2025-09-23T19:12:06.0538983Z info: downloading component 'rust-std'
k8s-bootstrapper-smoke-full	Install Rust (pinned toolchain)	2025-09-23T19:12:06.2589550Z info: downloading component 'rustc'
k8s-bootstrapper-smoke-full	Install Rust (pinned toolchain)	2025-09-23T19:12:06.4935097Z info: installing component 'cargo'
k8s-bootstrapper-smoke-full	Install Rust (pinned toolchain)	2025-09-23T19:12:07.1132852Z info: installing component 'rust-std'
k8s-bootstrapper-smoke-full	Install Rust (pinned toolchain)	2025-09-23T19:12:08.8815911Z info: installing component 'rustc'
k8s-bootstrapper-smoke-full	Install Rust (pinned toolchain)	2025-09-23T19:12:13.2377582Z 
k8s-bootstrapper-smoke-full	Install Rust (pinned toolchain)	2025-09-23T19:12:13.2489790Z   1.82.0-x86_64-unknown-linux-gnu installed - rustc 1.82.0 (f6e511eec 2024-10-15)
k8s-bootstrapper-smoke-full	Install Rust (pinned toolchain)	2025-09-23T19:12:13.2490423Z 
k8s-bootstrapper-smoke-full	Install Rust (pinned toolchain)	2025-09-23T19:12:13.2552434Z ##[group]Run rustup default 1.82.0
k8s-bootstrapper-smoke-full	Install Rust (pinned toolchain)	2025-09-23T19:12:13.2552763Z [36;1mrustup default 1.82.0[0m
k8s-bootstrapper-smoke-full	Install Rust (pinned toolchain)	2025-09-23T19:12:13.2584721Z shell: /usr/bin/bash --noprofile --norc -e -o pipefail {0}
k8s-bootstrapper-smoke-full	Install Rust (pinned toolchain)	2025-09-23T19:12:13.2585084Z env:
k8s-bootstrapper-smoke-full	Install Rust (pinned toolchain)	2025-09-23T19:12:13.2585306Z   CARGO_HOME: /home/runner/.cargo
k8s-bootstrapper-smoke-full	Install Rust (pinned toolchain)	2025-09-23T19:12:13.2585569Z ##[endgroup]
k8s-bootstrapper-smoke-full	Install Rust (pinned toolchain)	2025-09-23T19:12:13.2688339Z info: using existing install for '1.82.0-x86_64-unknown-linux-gnu'
k8s-bootstrapper-smoke-full	Install Rust (pinned toolchain)	2025-09-23T19:12:13.2980422Z info: default toolchain set to '1.82.0-x86_64-unknown-linux-gnu'
k8s-bootstrapper-smoke-full	Install Rust (pinned toolchain)	2025-09-23T19:12:13.2980999Z 
k8s-bootstrapper-smoke-full	Install Rust (pinned toolchain)	2025-09-23T19:12:13.3084466Z   1.82.0-x86_64-unknown-linux-gnu unchanged - rustc 1.82.0 (f6e511eec 2024-10-15)
k8s-bootstrapper-smoke-full	Install Rust (pinned toolchain)	2025-09-23T19:12:13.3085227Z 
k8s-bootstrapper-smoke-full	Install Rust (pinned toolchain)	2025-09-23T19:12:13.3085951Z info: note that the toolchain 'stable-x86_64-unknown-linux-gnu' is currently in use (overridden by '/home/runner/work/Demon/Demon/rust-toolchain.toml')
k8s-bootstrapper-smoke-full	Install Rust (pinned toolchain)	2025-09-23T19:12:13.3136448Z ##[group]Run : create cachekey
k8s-bootstrapper-smoke-full	Install Rust (pinned toolchain)	2025-09-23T19:12:13.3136934Z [36;1m: create cachekey[0m
k8s-bootstrapper-smoke-full	Install Rust (pinned toolchain)	2025-09-23T19:12:13.3137688Z [36;1mDATE=$(rustc +1.82.0 --version --verbose | sed -ne 's/^commit-date: \(20[0-9][0-9]\)-\([01][0-9]\)-\([0-3][0-9]\)$/\1\2\3/p')[0m
k8s-bootstrapper-smoke-full	Install Rust (pinned toolchain)	2025-09-23T19:12:13.3138669Z [36;1mHASH=$(rustc +1.82.0 --version --verbose | sed -ne 's/^commit-hash: //p')[0m
k8s-bootstrapper-smoke-full	Install Rust (pinned toolchain)	2025-09-23T19:12:13.3139471Z [36;1mecho "cachekey=$(echo $DATE$HASH | head -c12)" >> $GITHUB_OUTPUT[0m
k8s-bootstrapper-smoke-full	Install Rust (pinned toolchain)	2025-09-23T19:12:13.3179258Z shell: /usr/bin/bash --noprofile --norc -e -o pipefail {0}
k8s-bootstrapper-smoke-full	Install Rust (pinned toolchain)	2025-09-23T19:12:13.3179621Z env:
k8s-bootstrapper-smoke-full	Install Rust (pinned toolchain)	2025-09-23T19:12:13.3179834Z   CARGO_HOME: /home/runner/.cargo
k8s-bootstrapper-smoke-full	Install Rust (pinned toolchain)	2025-09-23T19:12:13.3180109Z ##[endgroup]
k8s-bootstrapper-smoke-full	Install Rust (pinned toolchain)	2025-09-23T19:12:13.3605904Z ##[group]Run : disable incremental compilation
k8s-bootstrapper-smoke-full	Install Rust (pinned toolchain)	2025-09-23T19:12:13.3606297Z [36;1m: disable incremental compilation[0m
k8s-bootstrapper-smoke-full	Install Rust (pinned toolchain)	2025-09-23T19:12:13.3606621Z [36;1mif [ -z "${CARGO_INCREMENTAL+set}" ]; then[0m
k8s-bootstrapper-smoke-full	Install Rust (pinned toolchain)	2025-09-23T19:12:13.3606949Z [36;1m  echo CARGO_INCREMENTAL=0 >> $GITHUB_ENV[0m
k8s-bootstrapper-smoke-full	Install Rust (pinned toolchain)	2025-09-23T19:12:13.3607276Z [36;1mfi[0m
k8s-bootstrapper-smoke-full	Install Rust (pinned toolchain)	2025-09-23T19:12:13.3639110Z shell: /usr/bin/bash --noprofile --norc -e -o pipefail {0}
k8s-bootstrapper-smoke-full	Install Rust (pinned toolchain)	2025-09-23T19:12:13.3639471Z env:
k8s-bootstrapper-smoke-full	Install Rust (pinned toolchain)	2025-09-23T19:12:13.3639682Z   CARGO_HOME: /home/runner/.cargo
k8s-bootstrapper-smoke-full	Install Rust (pinned toolchain)	2025-09-23T19:12:13.3639944Z ##[endgroup]
k8s-bootstrapper-smoke-full	Install Rust (pinned toolchain)	2025-09-23T19:12:13.3710049Z ##[group]Run : enable colors in Cargo output
k8s-bootstrapper-smoke-full	Install Rust (pinned toolchain)	2025-09-23T19:12:13.3710398Z [36;1m: enable colors in Cargo output[0m
k8s-bootstrapper-smoke-full	Install Rust (pinned toolchain)	2025-09-23T19:12:13.3710724Z [36;1mif [ -z "${CARGO_TERM_COLOR+set}" ]; then[0m
k8s-bootstrapper-smoke-full	Install Rust (pinned toolchain)	2025-09-23T19:12:13.3711066Z [36;1m  echo CARGO_TERM_COLOR=always >> $GITHUB_ENV[0m
k8s-bootstrapper-smoke-full	Install Rust (pinned toolchain)	2025-09-23T19:12:13.3711357Z [36;1mfi[0m
k8s-bootstrapper-smoke-full	Install Rust (pinned toolchain)	2025-09-23T19:12:13.3740713Z shell: /usr/bin/bash --noprofile --norc -e -o pipefail {0}
k8s-bootstrapper-smoke-full	Install Rust (pinned toolchain)	2025-09-23T19:12:13.3741086Z env:
k8s-bootstrapper-smoke-full	Install Rust (pinned toolchain)	2025-09-23T19:12:13.3741295Z   CARGO_HOME: /home/runner/.cargo
k8s-bootstrapper-smoke-full	Install Rust (pinned toolchain)	2025-09-23T19:12:13.3741560Z   CARGO_INCREMENTAL: 0
k8s-bootstrapper-smoke-full	Install Rust (pinned toolchain)	2025-09-23T19:12:13.3741779Z ##[endgroup]
k8s-bootstrapper-smoke-full	Install Rust (pinned toolchain)	2025-09-23T19:12:13.3815603Z ##[group]Run : enable Cargo sparse registry
k8s-bootstrapper-smoke-full	Install Rust (pinned toolchain)	2025-09-23T19:12:13.3815953Z [36;1m: enable Cargo sparse registry[0m
k8s-bootstrapper-smoke-full	Install Rust (pinned toolchain)	2025-09-23T19:12:13.3816572Z [36;1m# implemented in 1.66, stabilized in 1.68, made default in 1.70[0m
k8s-bootstrapper-smoke-full	Install Rust (pinned toolchain)	2025-09-23T19:12:13.3817237Z [36;1mif [ -z "${CARGO_REGISTRIES_CRATES_IO_PROTOCOL+set}" -o -f "/home/runner/work/_temp"/.implicit_cargo_registries_crates_io_protocol ]; then[0m
k8s-bootstrapper-smoke-full	Install Rust (pinned toolchain)	2025-09-23T19:12:13.3817912Z [36;1m  if rustc +1.82.0 --version --verbose | grep -q '^release: 1\.6[89]\.'; then[0m
k8s-bootstrapper-smoke-full	Install Rust (pinned toolchain)	2025-09-23T19:12:13.3818498Z [36;1m    touch "/home/runner/work/_temp"/.implicit_cargo_registries_crates_io_protocol || true[0m
k8s-bootstrapper-smoke-full	Install Rust (pinned toolchain)	2025-09-23T19:12:13.3819161Z [36;1m    echo CARGO_REGISTRIES_CRATES_IO_PROTOCOL=sparse >> $GITHUB_ENV[0m
k8s-bootstrapper-smoke-full	Install Rust (pinned toolchain)	2025-09-23T19:12:13.3819624Z [36;1m  elif rustc +1.82.0 --version --verbose | grep -q '^release: 1\.6[67]\.'; then[0m
k8s-bootstrapper-smoke-full	Install Rust (pinned toolchain)	2025-09-23T19:12:13.3820305Z [36;1m    touch "/home/runner/work/_temp"/.implicit_cargo_registries_crates_io_protocol || true[0m
k8s-bootstrapper-smoke-full	Install Rust (pinned toolchain)	2025-09-23T19:12:13.3820790Z [36;1m    echo CARGO_REGISTRIES_CRATES_IO_PROTOCOL=git >> $GITHUB_ENV[0m
k8s-bootstrapper-smoke-full	Install Rust (pinned toolchain)	2025-09-23T19:12:13.3821146Z [36;1m  fi[0m
k8s-bootstrapper-smoke-full	Install Rust (pinned toolchain)	2025-09-23T19:12:13.3821351Z [36;1mfi[0m
k8s-bootstrapper-smoke-full	Install Rust (pinned toolchain)	2025-09-23T19:12:13.3851766Z shell: /usr/bin/bash --noprofile --norc -e -o pipefail {0}
k8s-bootstrapper-smoke-full	Install Rust (pinned toolchain)	2025-09-23T19:12:13.3852157Z env:
k8s-bootstrapper-smoke-full	Install Rust (pinned toolchain)	2025-09-23T19:12:13.3852365Z   CARGO_HOME: /home/runner/.cargo
k8s-bootstrapper-smoke-full	Install Rust (pinned toolchain)	2025-09-23T19:12:13.3852628Z   CARGO_INCREMENTAL: 0
k8s-bootstrapper-smoke-full	Install Rust (pinned toolchain)	2025-09-23T19:12:13.3852858Z   CARGO_TERM_COLOR: always
k8s-bootstrapper-smoke-full	Install Rust (pinned toolchain)	2025-09-23T19:12:13.3853089Z ##[endgroup]
k8s-bootstrapper-smoke-full	Install Rust (pinned toolchain)	2025-09-23T19:12:13.4247410Z ##[group]Run : work around spurious network errors in curl 8.0
k8s-bootstrapper-smoke-full	Install Rust (pinned toolchain)	2025-09-23T19:12:13.4247877Z [36;1m: work around spurious network errors in curl 8.0[0m
k8s-bootstrapper-smoke-full	Install Rust (pinned toolchain)	2025-09-23T19:12:13.4248591Z [36;1m# https://rust-lang.zulipchat.com/#narrow/stream/246057-t-cargo/topic/timeout.20investigation[0m
k8s-bootstrapper-smoke-full	Install Rust (pinned toolchain)	2025-09-23T19:12:13.4249199Z [36;1mif rustc +1.82.0 --version --verbose | grep -q '^release: 1\.7[01]\.'; then[0m
k8s-bootstrapper-smoke-full	Install Rust (pinned toolchain)	2025-09-23T19:12:13.4249623Z [36;1m  echo CARGO_HTTP_MULTIPLEXING=false >> $GITHUB_ENV[0m
k8s-bootstrapper-smoke-full	Install Rust (pinned toolchain)	2025-09-23T19:12:13.4249938Z [36;1mfi[0m
k8s-bootstrapper-smoke-full	Install Rust (pinned toolchain)	2025-09-23T19:12:13.4283564Z shell: /usr/bin/bash --noprofile --norc -e -o pipefail {0}
k8s-bootstrapper-smoke-full	Install Rust (pinned toolchain)	2025-09-23T19:12:13.4284141Z env:
k8s-bootstrapper-smoke-full	Install Rust (pinned toolchain)	2025-09-23T19:12:13.4284366Z   CARGO_HOME: /home/runner/.cargo
k8s-bootstrapper-smoke-full	Install Rust (pinned toolchain)	2025-09-23T19:12:13.4284635Z   CARGO_INCREMENTAL: 0
k8s-bootstrapper-smoke-full	Install Rust (pinned toolchain)	2025-09-23T19:12:13.4284878Z   CARGO_TERM_COLOR: always
k8s-bootstrapper-smoke-full	Install Rust (pinned toolchain)	2025-09-23T19:12:13.4285124Z ##[endgroup]
k8s-bootstrapper-smoke-full	Install Rust (pinned toolchain)	2025-09-23T19:12:13.4522016Z ##[group]Run rustc +1.82.0 --version --verbose
k8s-bootstrapper-smoke-full	Install Rust (pinned toolchain)	2025-09-23T19:12:13.4522404Z [36;1mrustc +1.82.0 --version --verbose[0m
k8s-bootstrapper-smoke-full	Install Rust (pinned toolchain)	2025-09-23T19:12:13.4556318Z shell: /usr/bin/bash --noprofile --norc -e -o pipefail {0}
k8s-bootstrapper-smoke-full	Install Rust (pinned toolchain)	2025-09-23T19:12:13.4556682Z env:
k8s-bootstrapper-smoke-full	Install Rust (pinned toolchain)	2025-09-23T19:12:13.4556902Z   CARGO_HOME: /home/runner/.cargo
k8s-bootstrapper-smoke-full	Install Rust (pinned toolchain)	2025-09-23T19:12:13.4557174Z   CARGO_INCREMENTAL: 0
k8s-bootstrapper-smoke-full	Install Rust (pinned toolchain)	2025-09-23T19:12:13.4557409Z   CARGO_TERM_COLOR: always
k8s-bootstrapper-smoke-full	Install Rust (pinned toolchain)	2025-09-23T19:12:13.4557658Z ##[endgroup]
k8s-bootstrapper-smoke-full	Install Rust (pinned toolchain)	2025-09-23T19:12:13.4763246Z rustc 1.82.0 (f6e511eec 2024-10-15)
k8s-bootstrapper-smoke-full	Install Rust (pinned toolchain)	2025-09-23T19:12:13.4764764Z binary: rustc
k8s-bootstrapper-smoke-full	Install Rust (pinned toolchain)	2025-09-23T19:12:13.4765710Z commit-hash: f6e511eec7342f59a25f7c0534f1dbea00d01b14
k8s-bootstrapper-smoke-full	Install Rust (pinned toolchain)	2025-09-23T19:12:13.4766370Z commit-date: 2024-10-15
k8s-bootstrapper-smoke-full	Install Rust (pinned toolchain)	2025-09-23T19:12:13.4767009Z host: x86_64-unknown-linux-gnu
k8s-bootstrapper-smoke-full	Install Rust (pinned toolchain)	2025-09-23T19:12:13.4767492Z release: 1.82.0
k8s-bootstrapper-smoke-full	Install Rust (pinned toolchain)	2025-09-23T19:12:13.4768252Z LLVM version: 19.1.1
k8s-bootstrapper-smoke-full	Cache cargo registry + target	﻿2025-09-23T19:12:13.4895564Z ##[group]Run Swatinem/rust-cache@v2
k8s-bootstrapper-smoke-full	Cache cargo registry + target	2025-09-23T19:12:13.4895896Z with:
k8s-bootstrapper-smoke-full	Cache cargo registry + target	2025-09-23T19:12:13.4896097Z   workspaces: .
k8s-bootstrapper-smoke-full	Cache cargo registry + target	
k8s-bootstrapper-smoke-full	Cache cargo registry + target	2025-09-23T19:12:13.4919079Z   cache-on-failure: true
k8s-bootstrapper-smoke-full	Cache cargo registry + target	2025-09-23T19:12:13.4919533Z   prefix-key: v0-rust
k8s-bootstrapper-smoke-full	Cache cargo registry + target	2025-09-23T19:12:13.4919927Z   cache-targets: true
k8s-bootstrapper-smoke-full	Cache cargo registry + target	2025-09-23T19:12:13.4920303Z   cache-all-crates: false
k8s-bootstrapper-smoke-full	Cache cargo registry + target	2025-09-23T19:12:13.4920724Z   cache-workspace-crates: false
k8s-bootstrapper-smoke-full	Cache cargo registry + target	2025-09-23T19:12:13.4921172Z   save-if: true
k8s-bootstrapper-smoke-full	Cache cargo registry + target	2025-09-23T19:12:13.4921568Z   cache-provider: github
k8s-bootstrapper-smoke-full	Cache cargo registry + target	2025-09-23T19:12:13.4921993Z   cache-bin: true
k8s-bootstrapper-smoke-full	Cache cargo registry + target	2025-09-23T19:12:13.4922403Z   lookup-only: false
k8s-bootstrapper-smoke-full	Cache cargo registry + target	2025-09-23T19:12:13.4922801Z env:
k8s-bootstrapper-smoke-full	Cache cargo registry + target	2025-09-23T19:12:13.4923172Z   CARGO_HOME: /home/runner/.cargo
k8s-bootstrapper-smoke-full	Cache cargo registry + target	2025-09-23T19:12:13.4923640Z   CARGO_INCREMENTAL: 0
k8s-bootstrapper-smoke-full	Cache cargo registry + target	2025-09-23T19:12:13.4924291Z   CARGO_TERM_COLOR: always
k8s-bootstrapper-smoke-full	Cache cargo registry + target	2025-09-23T19:12:13.4924730Z ##[endgroup]
k8s-bootstrapper-smoke-full	Cache cargo registry + target	2025-09-23T19:12:16.9417478Z ##[group]Cache Configuration
k8s-bootstrapper-smoke-full	Cache cargo registry + target	2025-09-23T19:12:16.9417998Z Cache Provider:
k8s-bootstrapper-smoke-full	Cache cargo registry + target	2025-09-23T19:12:16.9420966Z     github
k8s-bootstrapper-smoke-full	Cache cargo registry + target	2025-09-23T19:12:16.9421320Z Workspaces:
k8s-bootstrapper-smoke-full	Cache cargo registry + target	2025-09-23T19:12:16.9421725Z     /home/runner/work/Demon/Demon
k8s-bootstrapper-smoke-full	Cache cargo registry + target	2025-09-23T19:12:16.9422148Z Cache Paths:
k8s-bootstrapper-smoke-full	Cache cargo registry + target	2025-09-23T19:12:16.9422483Z     /home/runner/.cargo/bin
k8s-bootstrapper-smoke-full	Cache cargo registry + target	2025-09-23T19:12:16.9422895Z     /home/runner/.cargo/.crates.toml
k8s-bootstrapper-smoke-full	Cache cargo registry + target	2025-09-23T19:12:16.9423348Z     /home/runner/.cargo/.crates2.json
k8s-bootstrapper-smoke-full	Cache cargo registry + target	2025-09-23T19:12:16.9423950Z     /home/runner/.cargo/registry
k8s-bootstrapper-smoke-full	Cache cargo registry + target	2025-09-23T19:12:16.9424359Z     /home/runner/.cargo/git
k8s-bootstrapper-smoke-full	Cache cargo registry + target	2025-09-23T19:12:16.9424749Z     /home/runner/work/Demon/Demon/target
k8s-bootstrapper-smoke-full	Cache cargo registry + target	2025-09-23T19:12:16.9425184Z Restore Key:
k8s-bootstrapper-smoke-full	Cache cargo registry + target	2025-09-23T19:12:16.9426048Z     v0-rust-k8s-bootstrapper-smoke-full-Linux-x64-e4b5b4e2
k8s-bootstrapper-smoke-full	Cache cargo registry + target	2025-09-23T19:12:16.9426613Z Cache Key:
k8s-bootstrapper-smoke-full	Cache cargo registry + target	2025-09-23T19:12:16.9427114Z     v0-rust-k8s-bootstrapper-smoke-full-Linux-x64-e4b5b4e2-1df8841a
k8s-bootstrapper-smoke-full	Cache cargo registry + target	2025-09-23T19:12:16.9427741Z .. Prefix:
k8s-bootstrapper-smoke-full	Cache cargo registry + target	2025-09-23T19:12:16.9428141Z   - v0-rust-k8s-bootstrapper-smoke-full-Linux-x64
k8s-bootstrapper-smoke-full	Cache cargo registry + target	2025-09-23T19:12:16.9428690Z .. Environment considered:
k8s-bootstrapper-smoke-full	Cache cargo registry + target	2025-09-23T19:12:16.9429325Z   - Rust Version: 1.89.0 x86_64-unknown-linux-gnu (29483883eed69d5fb4db01964cdf2af4d86e9cb2)
k8s-bootstrapper-smoke-full	Cache cargo registry + target	2025-09-23T19:12:16.9430033Z   - CARGO_HOME
k8s-bootstrapper-smoke-full	Cache cargo registry + target	2025-09-23T19:12:16.9430376Z   - CARGO_INCREMENTAL
k8s-bootstrapper-smoke-full	Cache cargo registry + target	2025-09-23T19:12:16.9430719Z   - CARGO_TERM_COLOR
k8s-bootstrapper-smoke-full	Cache cargo registry + target	2025-09-23T19:12:16.9431084Z .. Lockfiles considered:
k8s-bootstrapper-smoke-full	Cache cargo registry + target	2025-09-23T19:12:16.9431514Z   - /home/runner/work/Demon/Demon/.cargo/config.toml
k8s-bootstrapper-smoke-full	Cache cargo registry + target	2025-09-23T19:12:16.9432170Z   - /home/runner/work/Demon/Demon/bootstrapper/demonctl/Cargo.toml
k8s-bootstrapper-smoke-full	Cache cargo registry + target	2025-09-23T19:12:16.9432867Z   - /home/runner/work/Demon/Demon/capsules/echo/Cargo.toml
k8s-bootstrapper-smoke-full	Cache cargo registry + target	2025-09-23T19:12:16.9433410Z   - /home/runner/work/Demon/Demon/Cargo.lock
k8s-bootstrapper-smoke-full	Cache cargo registry + target	2025-09-23T19:12:16.9434219Z   - /home/runner/work/Demon/Demon/crates/config-loader/Cargo.toml
k8s-bootstrapper-smoke-full	Cache cargo registry + target	2025-09-23T19:12:16.9434986Z   - /home/runner/work/Demon/Demon/crates/envelope-derive/Cargo.toml
k8s-bootstrapper-smoke-full	Cache cargo registry + target	2025-09-23T19:12:16.9435744Z   - /home/runner/work/Demon/Demon/crates/envelope/Cargo.toml
k8s-bootstrapper-smoke-full	Cache cargo registry + target	2025-09-23T19:12:16.9436379Z   - /home/runner/work/Demon/Demon/demonctl/Cargo.toml
k8s-bootstrapper-smoke-full	Cache cargo registry + target	2025-09-23T19:12:16.9436966Z   - /home/runner/work/Demon/Demon/engine/Cargo.toml
k8s-bootstrapper-smoke-full	Cache cargo registry + target	2025-09-23T19:12:16.9437571Z   - /home/runner/work/Demon/Demon/operate-ui/Cargo.toml
k8s-bootstrapper-smoke-full	Cache cargo registry + target	2025-09-23T19:12:16.9438129Z   - /home/runner/work/Demon/Demon/runtime/Cargo.toml
k8s-bootstrapper-smoke-full	Cache cargo registry + target	2025-09-23T19:12:16.9438703Z   - /home/runner/work/Demon/Demon/rust-toolchain.toml
k8s-bootstrapper-smoke-full	Cache cargo registry + target	2025-09-23T19:12:16.9439216Z   - /home/runner/work/Demon/Demon/wards/Cargo.toml
k8s-bootstrapper-smoke-full	Cache cargo registry + target	2025-09-23T19:12:16.9440005Z ##[endgroup]
k8s-bootstrapper-smoke-full	Cache cargo registry + target	2025-09-23T19:12:16.9440204Z 
k8s-bootstrapper-smoke-full	Cache cargo registry + target	2025-09-23T19:12:16.9440342Z ... Restoring cache ...
k8s-bootstrapper-smoke-full	Cache cargo registry + target	2025-09-23T19:12:17.0701871Z Cache hit for: v0-rust-k8s-bootstrapper-smoke-full-Linux-x64-e4b5b4e2-1df8841a
k8s-bootstrapper-smoke-full	Cache cargo registry + target	2025-09-23T19:12:18.1172561Z Received 171966464 of 388553117 (44.3%), 164.0 MBs/sec
k8s-bootstrapper-smoke-full	Cache cargo registry + target	2025-09-23T19:12:19.1173395Z Received 348127232 of 388553117 (89.6%), 166.0 MBs/sec
k8s-bootstrapper-smoke-full	Cache cargo registry + target	2025-09-23T19:12:19.4417752Z Received 388553117 of 388553117 (100.0%), 159.4 MBs/sec
k8s-bootstrapper-smoke-full	Cache cargo registry + target	2025-09-23T19:12:19.4419861Z Cache Size: ~371 MB (388553117 B)
k8s-bootstrapper-smoke-full	Cache cargo registry + target	2025-09-23T19:12:19.4458004Z [command]/usr/bin/tar -xf /home/runner/work/_temp/89c77f4b-5a44-42a6-9a9f-af9c2aa295ab/cache.tzst -P -C /home/runner/work/Demon/Demon --use-compress-program unzstd
k8s-bootstrapper-smoke-full	Cache cargo registry + target	2025-09-23T19:12:21.9176411Z Cache restored successfully
k8s-bootstrapper-smoke-full	Cache cargo registry + target	2025-09-23T19:12:21.9909187Z Restored from cache key "v0-rust-k8s-bootstrapper-smoke-full-Linux-x64-e4b5b4e2-1df8841a" full match: true.
k8s-bootstrapper-smoke-full	Install k3d	﻿2025-09-23T19:12:22.1286133Z ##[group]Run curl -s https://raw.githubusercontent.com/k3d-io/k3d/main/install.sh | sudo TAG=v5.4.6 bash
k8s-bootstrapper-smoke-full	Install k3d	2025-09-23T19:12:22.1287295Z [36;1mcurl -s https://raw.githubusercontent.com/k3d-io/k3d/main/install.sh | sudo TAG=v5.4.6 bash[0m
k8s-bootstrapper-smoke-full	Install k3d	2025-09-23T19:12:22.1326907Z shell: /usr/bin/bash -e {0}
k8s-bootstrapper-smoke-full	Install k3d	2025-09-23T19:12:22.1327155Z env:
k8s-bootstrapper-smoke-full	Install k3d	2025-09-23T19:12:22.1327329Z   CARGO_HOME: /home/runner/.cargo
k8s-bootstrapper-smoke-full	Install k3d	2025-09-23T19:12:22.1327571Z   CARGO_INCREMENTAL: 0
k8s-bootstrapper-smoke-full	Install k3d	2025-09-23T19:12:22.1327765Z   CARGO_TERM_COLOR: always
k8s-bootstrapper-smoke-full	Install k3d	2025-09-23T19:12:22.1327982Z   CACHE_ON_FAILURE: true
k8s-bootstrapper-smoke-full	Install k3d	2025-09-23T19:12:22.1328174Z ##[endgroup]
k8s-bootstrapper-smoke-full	Install k3d	2025-09-23T19:12:22.7829200Z Preparing to install k3d into /usr/local/bin
k8s-bootstrapper-smoke-full	Install k3d	2025-09-23T19:12:22.7968758Z k3d installed into /usr/local/bin/k3d
k8s-bootstrapper-smoke-full	Install k3d	2025-09-23T19:12:22.7969284Z Run 'k3d --help' to see what you can do with it.
k8s-bootstrapper-smoke-full	Install kubectl	﻿2025-09-23T19:12:22.8172803Z ##[group]Run curl -LO "https://dl.k8s.io/release/$(curl -L -s https://dl.k8s.io/release/stable.txt)/bin/linux/amd64/kubectl"
k8s-bootstrapper-smoke-full	Install kubectl	2025-09-23T19:12:22.8174178Z [36;1mcurl -LO "https://dl.k8s.io/release/$(curl -L -s https://dl.k8s.io/release/stable.txt)/bin/linux/amd64/kubectl"[0m
k8s-bootstrapper-smoke-full	Install kubectl	2025-09-23T19:12:22.8175082Z [36;1msudo install -o root -g root -m 0755 kubectl /usr/local/bin/kubectl[0m
k8s-bootstrapper-smoke-full	Install kubectl	2025-09-23T19:12:22.8212443Z shell: /usr/bin/bash -e {0}
k8s-bootstrapper-smoke-full	Install kubectl	2025-09-23T19:12:22.8212788Z env:
k8s-bootstrapper-smoke-full	Install kubectl	2025-09-23T19:12:22.8213261Z   CARGO_HOME: /home/runner/.cargo
k8s-bootstrapper-smoke-full	Install kubectl	2025-09-23T19:12:22.8213622Z   CARGO_INCREMENTAL: 0
k8s-bootstrapper-smoke-full	Install kubectl	2025-09-23T19:12:22.8214097Z   CARGO_TERM_COLOR: always
k8s-bootstrapper-smoke-full	Install kubectl	2025-09-23T19:12:22.8214429Z   CACHE_ON_FAILURE: true
k8s-bootstrapper-smoke-full	Install kubectl	2025-09-23T19:12:22.8214742Z ##[endgroup]
k8s-bootstrapper-smoke-full	Install kubectl	2025-09-23T19:12:23.1499353Z   % Total    % Received % Xferd  Average Speed   Time    Time     Time  Current
k8s-bootstrapper-smoke-full	Install kubectl	2025-09-23T19:12:23.1500070Z                                  Dload  Upload   Total   Spent    Left  Speed
k8s-bootstrapper-smoke-full	Install kubectl	2025-09-23T19:12:23.1500288Z 
k8s-bootstrapper-smoke-full	Install kubectl	2025-09-23T19:12:23.2242770Z   0     0    0     0    0     0      0      0 --:--:-- --:--:-- --:--:--     0
k8s-bootstrapper-smoke-full	Install kubectl	2025-09-23T19:12:23.2243496Z 100   138  100   138    0     0   1853      0 --:--:-- --:--:-- --:--:--  1864
k8s-bootstrapper-smoke-full	Install kubectl	2025-09-23T19:12:23.4387139Z 
k8s-bootstrapper-smoke-full	Install kubectl	2025-09-23T19:12:23.4387552Z 100 57.7M  100 57.7M    0     0   199M      0 --:--:-- --:--:-- --:--:--  199M
k8s-bootstrapper-smoke-full	Build workspace	﻿2025-09-23T19:12:23.5724691Z ##[group]Run cargo build --workspace
k8s-bootstrapper-smoke-full	Build workspace	2025-09-23T19:12:23.5725011Z [36;1mcargo build --workspace[0m
k8s-bootstrapper-smoke-full	Build workspace	2025-09-23T19:12:23.5753636Z shell: /usr/bin/bash -e {0}
k8s-bootstrapper-smoke-full	Build workspace	2025-09-23T19:12:23.5754024Z env:
k8s-bootstrapper-smoke-full	Build workspace	2025-09-23T19:12:23.5754209Z   CARGO_HOME: /home/runner/.cargo
k8s-bootstrapper-smoke-full	Build workspace	2025-09-23T19:12:23.5754441Z   CARGO_INCREMENTAL: 0
k8s-bootstrapper-smoke-full	Build workspace	2025-09-23T19:12:23.5754640Z   CARGO_TERM_COLOR: always
k8s-bootstrapper-smoke-full	Build workspace	2025-09-23T19:12:23.5754848Z   CACHE_ON_FAILURE: true
k8s-bootstrapper-smoke-full	Build workspace	2025-09-23T19:12:23.5755044Z ##[endgroup]
k8s-bootstrapper-smoke-full	Build workspace	2025-09-23T19:12:26.8980804Z [1m[32m    Updating[0m crates.io index
k8s-bootstrapper-smoke-full	Build workspace	2025-09-23T19:12:28.4693354Z [1m[32m   Compiling[0m envelope-derive v0.1.0 (/home/runner/work/Demon/Demon/crates/envelope-derive)
k8s-bootstrapper-smoke-full	Build workspace	2025-09-23T19:12:28.4710506Z [1m[32m   Compiling[0m config-loader v0.1.0 (/home/runner/work/Demon/Demon/crates/config-loader)
k8s-bootstrapper-smoke-full	Build workspace	2025-09-23T19:12:28.4735796Z [1m[32m   Compiling[0m wards v0.1.0 (/home/runner/work/Demon/Demon/wards)
k8s-bootstrapper-smoke-full	Build workspace	2025-09-23T19:12:28.4745559Z [1m[32m   Compiling[0m bootstrapper-demonctl v0.1.0 (/home/runner/work/Demon/Demon/bootstrapper/demonctl)
k8s-bootstrapper-smoke-full	Build workspace	2025-09-23T19:12:45.9352059Z [1m[32m   Compiling[0m envelope v0.1.0 (/home/runner/work/Demon/Demon/crates/envelope)
k8s-bootstrapper-smoke-full	Build workspace	2025-09-23T19:12:46.3507396Z [1m[32m   Compiling[0m capsules_echo v0.0.1 (/home/runner/work/Demon/Demon/capsules/echo)
k8s-bootstrapper-smoke-full	Build workspace	2025-09-23T19:12:46.6105146Z [1m[32m   Compiling[0m runtime v0.1.0 (/home/runner/work/Demon/Demon/runtime)
k8s-bootstrapper-smoke-full	Build workspace	2025-09-23T19:12:47.8884050Z [1m[32m   Compiling[0m engine v0.1.0 (/home/runner/work/Demon/Demon/engine)
k8s-bootstrapper-smoke-full	Build workspace	2025-09-23T19:12:47.8885496Z [1m[32m   Compiling[0m operate-ui v0.1.0 (/home/runner/work/Demon/Demon/operate-ui)
k8s-bootstrapper-smoke-full	Build workspace	2025-09-23T19:12:49.2803997Z [1m[32m   Compiling[0m demonctl v0.0.1 (/home/runner/work/Demon/Demon/demonctl)
k8s-bootstrapper-smoke-full	Build workspace	2025-09-23T19:12:58.9580270Z [1m[32m    Finished[0m `dev` profile [unoptimized + debuginfo] target(s) in 35.33s
k8s-bootstrapper-smoke-full	Run full k8s bootstrapper smoke test	﻿2025-09-23T19:12:58.9897362Z ##[group]Run make bootstrap-smoke ARGS="--cleanup --verbose"
k8s-bootstrapper-smoke-full	Run full k8s bootstrapper smoke test	2025-09-23T19:12:58.9898141Z [36;1mmake bootstrap-smoke ARGS="--cleanup --verbose"[0m
k8s-bootstrapper-smoke-full	Run full k8s bootstrapper smoke test	2025-09-23T19:12:58.9927780Z shell: /usr/bin/bash -e {0}
k8s-bootstrapper-smoke-full	Run full k8s bootstrapper smoke test	2025-09-23T19:12:58.9928008Z env:
k8s-bootstrapper-smoke-full	Run full k8s bootstrapper smoke test	2025-09-23T19:12:58.9928184Z   CARGO_HOME: /home/runner/.cargo
k8s-bootstrapper-smoke-full	Run full k8s bootstrapper smoke test	2025-09-23T19:12:58.9928436Z   CARGO_INCREMENTAL: 0
k8s-bootstrapper-smoke-full	Run full k8s bootstrapper smoke test	2025-09-23T19:12:58.9928629Z   CARGO_TERM_COLOR: always
k8s-bootstrapper-smoke-full	Run full k8s bootstrapper smoke test	2025-09-23T19:12:58.9928837Z   CACHE_ON_FAILURE: true
k8s-bootstrapper-smoke-full	Run full k8s bootstrapper smoke test	2025-09-23T19:12:58.9929040Z   GITHUB_TOKEN: test-token-value
k8s-bootstrapper-smoke-full	Run full k8s bootstrapper smoke test	2025-09-23T19:12:58.9929268Z   ADMIN_TOKEN: test-admin-token
k8s-bootstrapper-smoke-full	Run full k8s bootstrapper smoke test	2025-09-23T19:12:58.9929534Z   DATABASE_URL: postgresql://localhost/demon_test
k8s-bootstrapper-smoke-full	Run full k8s bootstrapper smoke test	2025-09-23T19:12:58.9929841Z   NATS_PASSWORD: test-nats-password
k8s-bootstrapper-smoke-full	Run full k8s bootstrapper smoke test	2025-09-23T19:12:58.9930102Z   JWT_SECRET: test-jwt-secret-12345
k8s-bootstrapper-smoke-full	Run full k8s bootstrapper smoke test	2025-09-23T19:12:58.9930326Z ##[endgroup]
k8s-bootstrapper-smoke-full	Run full k8s bootstrapper smoke test	2025-09-23T19:12:59.0240113Z Running Kubernetes bootstrapper smoke test...
k8s-bootstrapper-smoke-full	Run full k8s bootstrapper smoke test	2025-09-23T19:12:59.0318971Z [0;34m[19:12:59][0m Starting Kubernetes bootstrapper smoke test...
k8s-bootstrapper-smoke-full	Run full k8s bootstrapper smoke test	2025-09-23T19:12:59.0336019Z [0;34m[19:12:59][0m Mode: FULL
k8s-bootstrapper-smoke-full	Run full k8s bootstrapper smoke test	2025-09-23T19:12:59.0348365Z [0;34m[19:12:59][0m Checking dependencies...
k8s-bootstrapper-smoke-full	Run full k8s bootstrapper smoke test	2025-09-23T19:12:59.0361720Z [0;34m[19:12:59][0m Found k3d (preferred)
k8s-bootstrapper-smoke-full	Run full k8s bootstrapper smoke test	2025-09-23T19:12:59.0363625Z [0;32m[SUCCESS][0m All dependencies available
k8s-bootstrapper-smoke-full	Run full k8s bootstrapper smoke test	2025-09-23T19:12:59.0377057Z [0;34m[19:12:59][0m Creating artifacts directory: /home/runner/work/Demon/Demon/dist/bootstrapper-smoke/20250923-191259
k8s-bootstrapper-smoke-full	Run full k8s bootstrapper smoke test	2025-09-23T19:12:59.0402835Z [0;34m[19:12:59][0m Provisioning k3d cluster: demon-smoke-test
k8s-bootstrapper-smoke-full	Run full k8s bootstrapper smoke test	2025-09-23T19:12:59.0782317Z [36mINFO[0m[0000] Prep: Network                                
k8s-bootstrapper-smoke-full	Run full k8s bootstrapper smoke test	2025-09-23T19:12:59.1210574Z [36mINFO[0m[0000] Created network 'k3d-demon-smoke-test'       
k8s-bootstrapper-smoke-full	Run full k8s bootstrapper smoke test	2025-09-23T19:12:59.1223589Z [36mINFO[0m[0000] Created image volume k3d-demon-smoke-test-images 
k8s-bootstrapper-smoke-full	Run full k8s bootstrapper smoke test	2025-09-23T19:12:59.1230047Z [36mINFO[0m[0000] Creating node 'demon-registry'               
k8s-bootstrapper-smoke-full	Run full k8s bootstrapper smoke test	2025-09-23T19:12:59.3684539Z [36mINFO[0m[0000] Pulling image 'docker.io/library/registry:2' 
k8s-bootstrapper-smoke-full	Run full k8s bootstrapper smoke test	2025-09-23T19:13:01.4747690Z [36mINFO[0m[0002] Successfully created registry 'demon-registry' 
k8s-bootstrapper-smoke-full	Run full k8s bootstrapper smoke test	2025-09-23T19:13:01.4841932Z [36mINFO[0m[0002] Starting new tools node...                   
k8s-bootstrapper-smoke-full	Run full k8s bootstrapper smoke test	2025-09-23T19:13:02.3504254Z [36mINFO[0m[0003] Pulling image 'ghcr.io/k3d-io/k3d-tools:5.4.6' 
k8s-bootstrapper-smoke-full	Run full k8s bootstrapper smoke test	2025-09-23T19:13:02.4907761Z [36mINFO[0m[0003] Creating node 'k3d-demon-smoke-test-server-0' 
k8s-bootstrapper-smoke-full	Run full k8s bootstrapper smoke test	2025-09-23T19:13:02.6393579Z [36mINFO[0m[0003] Pulling image 'docker.io/rancher/k3s:v1.24.4-k3s1' 
k8s-bootstrapper-smoke-full	Run full k8s bootstrapper smoke test	2025-09-23T19:13:03.1470323Z [36mINFO[0m[0004] Starting Node 'k3d-demon-smoke-test-tools'   
k8s-bootstrapper-smoke-full	Run full k8s bootstrapper smoke test	2025-09-23T19:13:06.2958095Z [36mINFO[0m[0007] Creating LoadBalancer 'k3d-demon-smoke-test-serverlb' 
k8s-bootstrapper-smoke-full	Run full k8s bootstrapper smoke test	2025-09-23T19:13:06.7373080Z [36mINFO[0m[0007] Pulling image 'ghcr.io/k3d-io/k3d-proxy:5.4.6' 
k8s-bootstrapper-smoke-full	Run full k8s bootstrapper smoke test	2025-09-23T19:13:07.6683714Z [36mINFO[0m[0008] Using the k3d-tools node to gather environment information 
k8s-bootstrapper-smoke-full	Run full k8s bootstrapper smoke test	2025-09-23T19:13:07.7443326Z [36mINFO[0m[0008] HostIP: using network gateway 172.18.0.1 address 
k8s-bootstrapper-smoke-full	Run full k8s bootstrapper smoke test	2025-09-23T19:13:07.7444358Z [36mINFO[0m[0008] Starting cluster 'demon-smoke-test'          
k8s-bootstrapper-smoke-full	Run full k8s bootstrapper smoke test	2025-09-23T19:13:07.7445703Z [36mINFO[0m[0008] Starting servers...                          
k8s-bootstrapper-smoke-full	Run full k8s bootstrapper smoke test	2025-09-23T19:13:07.7657134Z [36mINFO[0m[0008] Starting Node 'k3d-demon-smoke-test-server-0' 
k8s-bootstrapper-smoke-full	Run full k8s bootstrapper smoke test	2025-09-23T19:13:11.8353101Z [36mINFO[0m[0012] All agents already running.                  
k8s-bootstrapper-smoke-full	Run full k8s bootstrapper smoke test	2025-09-23T19:13:11.8361893Z [36mINFO[0m[0012] Starting helpers...                          
k8s-bootstrapper-smoke-full	Run full k8s bootstrapper smoke test	2025-09-23T19:13:11.8377981Z [36mINFO[0m[0012] Starting Node 'demon-registry'               
k8s-bootstrapper-smoke-full	Run full k8s bootstrapper smoke test	2025-09-23T19:13:11.8508286Z [36mINFO[0m[0012] Starting Node 'k3d-demon-smoke-test-serverlb' 
k8s-bootstrapper-smoke-full	Run full k8s bootstrapper smoke test	2025-09-23T19:13:18.1979055Z [36mINFO[0m[0019] Injecting records for hostAliases (incl. host.k3d.internal) and for 3 network members into CoreDNS configmap... 
k8s-bootstrapper-smoke-full	Run full k8s bootstrapper smoke test	2025-09-23T19:13:21.2135870Z [36mINFO[0m[0022] Cluster 'demon-smoke-test' created successfully! 
k8s-bootstrapper-smoke-full	Run full k8s bootstrapper smoke test	2025-09-23T19:13:21.2194394Z [36mINFO[0m[0022] You can now use it like this:                
k8s-bootstrapper-smoke-full	Run full k8s bootstrapper smoke test	2025-09-23T19:13:21.2194958Z kubectl cluster-info
k8s-bootstrapper-smoke-full	Run full k8s bootstrapper smoke test	2025-09-23T19:13:21.2504417Z [0;34m[19:13:21][0m Waiting for cluster nodes to be ready...
k8s-bootstrapper-smoke-full	Run full k8s bootstrapper smoke test	2025-09-23T19:13:21.3019426Z E0923 19:13:21.301713    3481 memcache.go:287] "Unhandled Error" err="couldn't get resource list for metrics.k8s.io/v1beta1: the server is currently unable to handle the request"
k8s-bootstrapper-smoke-full	Run full k8s bootstrapper smoke test	2025-09-23T19:13:21.3090308Z E0923 19:13:21.308828    3481 memcache.go:121] "Unhandled Error" err="couldn't get resource list for metrics.k8s.io/v1beta1: the server is currently unable to handle the request"
k8s-bootstrapper-smoke-full	Run full k8s bootstrapper smoke test	2025-09-23T19:13:21.3125330Z E0923 19:13:21.312358    3481 memcache.go:121] "Unhandled Error" err="couldn't get resource list for metrics.k8s.io/v1beta1: the server is currently unable to handle the request"
k8s-bootstrapper-smoke-full	Run full k8s bootstrapper smoke test	2025-09-23T19:13:21.3154153Z E0923 19:13:21.315212    3481 memcache.go:121] "Unhandled Error" err="couldn't get resource list for metrics.k8s.io/v1beta1: the server is currently unable to handle the request"
k8s-bootstrapper-smoke-full	Run full k8s bootstrapper smoke test	2025-09-23T19:13:21.9594864Z node/k3d-demon-smoke-test-server-0 condition met
k8s-bootstrapper-smoke-full	Run full k8s bootstrapper smoke test	2025-09-23T19:13:21.9616343Z [0;32m[SUCCESS][0m Cluster demon-smoke-test is ready
k8s-bootstrapper-smoke-full	Run full k8s bootstrapper smoke test	2025-09-23T19:13:22.0985607Z [0;34m[19:13:22][0m Running dry-run bootstrap validation...
k8s-bootstrapper-smoke-full	Run full k8s bootstrapper smoke test	2025-09-23T19:13:22.1121014Z [0;32m[SUCCESS][0m Dry-run validation completed
k8s-bootstrapper-smoke-full	Run full k8s bootstrapper smoke test	2025-09-23T19:13:22.1146311Z [0;34m[19:13:22][0m Running live bootstrap deployment...
k8s-bootstrapper-smoke-full	Run full k8s bootstrapper smoke test	2025-09-23T19:15:34.8333276Z make: *** [Makefile:30: bootstrap-smoke] Error 1
k8s-bootstrapper-smoke-full	Run full k8s bootstrapper smoke test	2025-09-23T19:15:34.8350012Z ##[error]Process completed with exit code 2.
k8s-bootstrapper-smoke-full	Upload smoke test artifacts	﻿2025-09-23T19:15:34.8408110Z ##[group]Run actions/upload-artifact@v4
k8s-bootstrapper-smoke-full	Upload smoke test artifacts	2025-09-23T19:15:34.8408389Z with:
k8s-bootstrapper-smoke-full	Upload smoke test artifacts	2025-09-23T19:15:34.8408584Z   name: k8s-bootstrapper-smoke-nightly-3
k8s-bootstrapper-smoke-full	Upload smoke test artifacts	2025-09-23T19:15:34.8408855Z   path: dist/bootstrapper-smoke/
k8s-bootstrapper-smoke-full	Upload smoke test artifacts	2025-09-23T19:15:34.8409079Z   retention-days: 30
k8s-bootstrapper-smoke-full	Upload smoke test artifacts	2025-09-23T19:15:34.8409274Z   if-no-files-found: warn
k8s-bootstrapper-smoke-full	Upload smoke test artifacts	2025-09-23T19:15:34.8409474Z   compression-level: 6
k8s-bootstrapper-smoke-full	Upload smoke test artifacts	2025-09-23T19:15:34.8409663Z   overwrite: false
k8s-bootstrapper-smoke-full	Upload smoke test artifacts	2025-09-23T19:15:34.8409847Z   include-hidden-files: false
k8s-bootstrapper-smoke-full	Upload smoke test artifacts	2025-09-23T19:15:34.8410055Z env:
k8s-bootstrapper-smoke-full	Upload smoke test artifacts	2025-09-23T19:15:34.8410224Z   CARGO_HOME: /home/runner/.cargo
k8s-bootstrapper-smoke-full	Upload smoke test artifacts	2025-09-23T19:15:34.8410450Z   CARGO_INCREMENTAL: 0
k8s-bootstrapper-smoke-full	Upload smoke test artifacts	2025-09-23T19:15:34.8410640Z   CARGO_TERM_COLOR: always
k8s-bootstrapper-smoke-full	Upload smoke test artifacts	2025-09-23T19:15:34.8410843Z   CACHE_ON_FAILURE: true
k8s-bootstrapper-smoke-full	Upload smoke test artifacts	2025-09-23T19:15:34.8411035Z ##[endgroup]
k8s-bootstrapper-smoke-full	Upload smoke test artifacts	2025-09-23T19:15:35.0644271Z With the provided path, there will be 6 files uploaded
k8s-bootstrapper-smoke-full	Upload smoke test artifacts	2025-09-23T19:15:35.0650093Z Artifact name is valid!
k8s-bootstrapper-smoke-full	Upload smoke test artifacts	2025-09-23T19:15:35.0651400Z Root directory input is valid!
k8s-bootstrapper-smoke-full	Upload smoke test artifacts	2025-09-23T19:15:35.1965909Z Beginning upload of artifact content to blob storage
k8s-bootstrapper-smoke-full	Upload smoke test artifacts	2025-09-23T19:15:35.2758417Z Uploaded bytes 7382
k8s-bootstrapper-smoke-full	Upload smoke test artifacts	2025-09-23T19:15:35.2984414Z Finished uploading artifact content to blob storage!
k8s-bootstrapper-smoke-full	Upload smoke test artifacts	2025-09-23T19:15:35.2987291Z SHA256 digest of uploaded artifact zip is e58d8fd23fe48c8c8beca2ccb8704971f2ea79f0dd81d4d7e9ab6c62f34e5382
k8s-bootstrapper-smoke-full	Upload smoke test artifacts	2025-09-23T19:15:35.2989507Z Finalizing artifact upload
k8s-bootstrapper-smoke-full	Upload smoke test artifacts	2025-09-23T19:15:35.4125252Z Artifact k8s-bootstrapper-smoke-nightly-3.zip successfully finalized. Artifact ID 4086450934
k8s-bootstrapper-smoke-full	Upload smoke test artifacts	2025-09-23T19:15:35.4126635Z Artifact k8s-bootstrapper-smoke-nightly-3 has been successfully uploaded! Final size is 7382 bytes. Artifact ID is 4086450934
k8s-bootstrapper-smoke-full	Upload smoke test artifacts	2025-09-23T19:15:35.4133401Z Artifact download URL: https://github.com/afewell-hh/Demon/actions/runs/17956532657/artifacts/4086450934
k8s-bootstrapper-smoke-full	Generate summary	﻿2025-09-23T19:15:35.4229587Z ##[group]Run echo "## K8s Bootstrapper Smoke Test Summary" >> $GITHUB_STEP_SUMMARY
k8s-bootstrapper-smoke-full	Generate summary	2025-09-23T19:15:35.4230179Z [36;1mecho "## K8s Bootstrapper Smoke Test Summary" >> $GITHUB_STEP_SUMMARY[0m
k8s-bootstrapper-smoke-full	Generate summary	2025-09-23T19:15:35.4230539Z [36;1mecho "" >> $GITHUB_STEP_SUMMARY[0m
k8s-bootstrapper-smoke-full	Generate summary	2025-09-23T19:15:35.4230888Z [36;1mecho "**Date:** $(date -u '+%Y-%m-%d %H:%M:%S UTC')" >> $GITHUB_STEP_SUMMARY[0m
k8s-bootstrapper-smoke-full	Generate summary	2025-09-23T19:15:35.4231270Z [36;1mecho "**Run ID:** 3" >> $GITHUB_STEP_SUMMARY[0m
k8s-bootstrapper-smoke-full	Generate summary	2025-09-23T19:15:35.4231563Z [36;1mecho "" >> $GITHUB_STEP_SUMMARY[0m
k8s-bootstrapper-smoke-full	Generate summary	2025-09-23T19:15:35.4231800Z [36;1m[0m
k8s-bootstrapper-smoke-full	Generate summary	2025-09-23T19:15:35.4231972Z [36;1mif [[ $? -eq 0 ]]; then[0m
k8s-bootstrapper-smoke-full	Generate summary	2025-09-23T19:15:35.4232263Z [36;1m  echo "✅ **Status:** PASSED" >> $GITHUB_STEP_SUMMARY[0m
k8s-bootstrapper-smoke-full	Generate summary	2025-09-23T19:15:35.4232578Z [36;1m  echo "" >> $GITHUB_STEP_SUMMARY[0m
k8s-bootstrapper-smoke-full	Generate summary	2025-09-23T19:15:35.4232913Z [36;1m  echo "- Cluster provisioning completed" >> $GITHUB_STEP_SUMMARY[0m
k8s-bootstrapper-smoke-full	Generate summary	2025-09-23T19:15:35.4233330Z [36;1m  echo "- Bootstrap deployment successful" >> $GITHUB_STEP_SUMMARY[0m
k8s-bootstrapper-smoke-full	Generate summary	2025-09-23T19:15:35.4234064Z [36;1m  echo "- Health checks passed" >> $GITHUB_STEP_SUMMARY[0m
k8s-bootstrapper-smoke-full	Generate summary	2025-09-23T19:15:35.4234484Z [36;1m  echo "- Artifacts captured and cleanup completed" >> $GITHUB_STEP_SUMMARY[0m
k8s-bootstrapper-smoke-full	Generate summary	2025-09-23T19:15:35.4234829Z [36;1melse[0m
k8s-bootstrapper-smoke-full	Generate summary	2025-09-23T19:15:35.4235075Z [36;1m  echo "❌ **Status:** FAILED" >> $GITHUB_STEP_SUMMARY[0m
k8s-bootstrapper-smoke-full	Generate summary	2025-09-23T19:15:35.4235497Z [36;1m  echo "" >> $GITHUB_STEP_SUMMARY[0m
k8s-bootstrapper-smoke-full	Generate summary	2025-09-23T19:15:35.4236002Z [36;1m  echo "Check the uploaded artifacts for detailed logs and cluster state." >> $GITHUB_STEP_SUMMARY[0m
k8s-bootstrapper-smoke-full	Generate summary	2025-09-23T19:15:35.4236640Z [36;1mfi[0m
k8s-bootstrapper-smoke-full	Generate summary	2025-09-23T19:15:35.4236903Z [36;1m[0m
k8s-bootstrapper-smoke-full	Generate summary	2025-09-23T19:15:35.4237176Z [36;1mecho "" >> $GITHUB_STEP_SUMMARY[0m
k8s-bootstrapper-smoke-full	Generate summary	2025-09-23T19:15:35.4237832Z [36;1mecho "**Artifacts:** Available as 'k8s-bootstrapper-smoke-nightly-3'" >> $GITHUB_STEP_SUMMARY[0m
k8s-bootstrapper-smoke-full	Generate summary	2025-09-23T19:15:35.4238385Z [36;1mecho "" >> $GITHUB_STEP_SUMMARY[0m
k8s-bootstrapper-smoke-full	Generate summary	2025-09-23T19:15:35.4238877Z [36;1mecho "**Next scheduled run:** $(date -d 'tomorrow 02:00 UTC' -u '+%Y-%m-%d %H:%M:%S UTC')" >> $GITHUB_STEP_SUMMARY[0m
k8s-bootstrapper-smoke-full	Generate summary	2025-09-23T19:15:35.4268899Z shell: /usr/bin/bash -e {0}
k8s-bootstrapper-smoke-full	Generate summary	2025-09-23T19:15:35.4269174Z env:
k8s-bootstrapper-smoke-full	Generate summary	2025-09-23T19:15:35.4320921Z   CARGO_HOME: /home/runner/.cargo
k8s-bootstrapper-smoke-full	Generate summary	2025-09-23T19:15:35.4321359Z   CARGO_INCREMENTAL: 0
k8s-bootstrapper-smoke-full	Generate summary	2025-09-23T19:15:35.4321702Z   CARGO_TERM_COLOR: always
k8s-bootstrapper-smoke-full	Generate summary	2025-09-23T19:15:35.4322068Z   CACHE_ON_FAILURE: true
k8s-bootstrapper-smoke-full	Generate summary	2025-09-23T19:15:35.4322414Z ##[endgroup]
k8s-bootstrapper-smoke-full	Post Cache cargo registry + target	﻿2025-09-23T19:15:35.4452742Z Post job cleanup.
k8s-bootstrapper-smoke-full	Post Cache cargo registry + target	2025-09-23T19:15:35.6876942Z Cache up-to-date.
k8s-bootstrapper-smoke-full	Post Checkout	﻿2025-09-23T19:15:35.7036337Z Post job cleanup.
k8s-bootstrapper-smoke-full	Post Checkout	2025-09-23T19:15:35.8002277Z [command]/usr/bin/git version
k8s-bootstrapper-smoke-full	Post Checkout	2025-09-23T19:15:35.8041494Z git version 2.51.0
k8s-bootstrapper-smoke-full	Post Checkout	2025-09-23T19:15:35.8086843Z Temporarily overriding HOME='/home/runner/work/_temp/97439809-f10d-4b5a-bb59-4bd52ad4fae4' before making global git config changes
k8s-bootstrapper-smoke-full	Post Checkout	2025-09-23T19:15:35.8088127Z Adding repository directory to the temporary git global config as a safe directory
k8s-bootstrapper-smoke-full	Post Checkout	2025-09-23T19:15:35.8100068Z [command]/usr/bin/git config --global --add safe.directory /home/runner/work/Demon/Demon
k8s-bootstrapper-smoke-full	Post Checkout	2025-09-23T19:15:35.8133915Z [command]/usr/bin/git config --local --name-only --get-regexp core\.sshCommand
k8s-bootstrapper-smoke-full	Post Checkout	2025-09-23T19:15:35.8166846Z [command]/usr/bin/git submodule foreach --recursive sh -c "git config --local --name-only --get-regexp 'core\.sshCommand' && git config --local --unset-all 'core.sshCommand' || :"
k8s-bootstrapper-smoke-full	Post Checkout	2025-09-23T19:15:35.8401824Z [command]/usr/bin/git config --local --name-only --get-regexp http\.https\:\/\/github\.com\/\.extraheader
k8s-bootstrapper-smoke-full	Post Checkout	2025-09-23T19:15:35.8423131Z http.https://github.com/.extraheader
k8s-bootstrapper-smoke-full	Post Checkout	2025-09-23T19:15:35.8436178Z [command]/usr/bin/git config --local --unset-all http.https://github.com/.extraheader
k8s-bootstrapper-smoke-full	Post Checkout	2025-09-23T19:15:35.8468357Z [command]/usr/bin/git submodule foreach --recursive sh -c "git config --local --name-only --get-regexp 'http\.https\:\/\/github\.com\/\.extraheader' && git config --local --unset-all 'http.https://github.com/.extraheader' || :"
k8s-bootstrapper-smoke-full	Complete job	﻿2025-09-23T19:15:35.8800523Z Cleaning up orphan processes
